// Jest Snapshot v1, https://goo.gl/fbAQLP

exports[`Header renders correctly 1`] = `
<header>
  <div
    className="header"
  >
    <h3>
      Tracking App
    </h3>
  </div>
</header>
`;
